[2026-04-17 00:10:50] [WakeListener] Running.
[2026-04-17 00:10:50] [WakeListener] Project root: C:\Users\Adrián\Desktop\Jarvis\jarvis_v2
[2026-04-17 00:10:50] [WakeListener] Mode: dev
[2026-04-17 00:10:50] [WakeListener] Double-clap window: 0.08s - 1.20s
[2026-04-17 00:10:50] [WakeListener] Base RMS threshold: 1500.0
[2026-04-17 00:10:50] [WakeListener] Launch visible console: True
[2026-04-17 00:10:50] [WakeListener] Startup lock window: 45.0s | min hold: 8.0s | cooldown: 20.0s
[2026-04-17 00:10:50] [WakeListener] Keep console open after exit: False
[2026-04-17 00:10:50] [WakeListener] Press Ctrl+C to stop.
[2026-04-17 00:10:51] [WakeListener] npm found in PATH.
[2026-04-17 00:11:33] [WakeListener] Running.
[2026-04-17 00:11:33] [WakeListener] Project root: C:\Users\Adrián\Desktop\Jarvis\jarvis_v2
[2026-04-17 00:11:33] [WakeListener] Mode: dev
[2026-04-17 00:11:33] [WakeListener] Double-clap window: 0.08s - 1.20s
[2026-04-17 00:11:33] [WakeListener] Base RMS threshold: 1500.0
[2026-04-17 00:11:33] [WakeListener] Launch visible console: True
[2026-04-17 00:11:33] [WakeListener] Startup lock window: 45.0s | min hold: 8.0s | cooldown: 20.0s
[2026-04-17 00:11:33] [WakeListener] Keep console open after exit: False
[2026-04-17 00:11:33] [WakeListener] Press Ctrl+C to stop.
[2026-04-17 00:11:33] [WakeListener] npm found in PATH.
[2026-04-17 00:13:13] [WakeListener] Running.
[2026-04-17 00:13:13] [WakeListener] Project root: C:\Users\Adrián\Desktop\Jarvis\jarvis_v2
[2026-04-17 00:13:13] [WakeListener] Mode: dev
[2026-04-17 00:13:13] [WakeListener] Double-clap window: 0.08s - 1.20s
[2026-04-17 00:13:13] [WakeListener] Base RMS threshold: 1500.0
[2026-04-17 00:13:13] [WakeListener] Launch visible console: True
[2026-04-17 00:13:13] [WakeListener] Startup lock window: 45.0s | min hold: 8.0s | cooldown: 20.0s
[2026-04-17 00:13:13] [WakeListener] Keep console open after exit: False
[2026-04-17 00:13:13] [WakeListener] Press Ctrl+C to stop.
[2026-04-17 00:13:13] [WakeListener] npm found in PATH.
[2026-04-17 00:13:15] [WakeListener] Double clap detected (gap=0.768s). Attempting launch...
[2026-04-17 00:13:16] [WakeListener] Launched Jarvis with command: npm run dev
[2026-04-17 00:13:48] [WakeListener] Double clap detected (gap=0.258s). Attempting launch...
[2026-04-17 00:13:48] [WakeListener] Launch skipped: Startup lock active (11.8s remaining).
[2026-04-17 00:14:00] [WakeListener] Double clap detected (gap=0.130s). Attempting launch...
[2026-04-17 00:14:00] [WakeListener] Launch skipped: Startup lock active (0.3s remaining).
[2026-04-17 00:14:43] [WakeListener] Double clap detected (gap=0.128s). Attempting launch...
[2026-04-17 00:14:44] [WakeListener] Launched Jarvis with command: npm run dev
[2026-04-17 00:16:00] [WakeListener] Double clap detected (gap=0.256s). Attempting launch...
[2026-04-17 00:16:01] [WakeListener] Launched Jarvis with command: npm run dev
[2026-04-17 00:16:05] [WakeListener] Double clap detected (gap=0.128s). Attempting launch...
[2026-04-17 00:16:05] [WakeListener] Launch skipped: Startup lock active (39.5s remaining).
[2026-04-17 00:16:07] [WakeListener] Double clap detected (gap=0.128s). Attempting launch...
[2026-04-17 00:16:07] [WakeListener] Launch skipped: Startup lock active (37.4s remaining).
[2026-04-17 00:16:08] [WakeListener] Double clap detected (gap=0.128s). Attempting launch...
[2026-04-17 00:16:08] [WakeListener] Launch skipped: Startup lock active (37.1s remaining).
[2026-04-17 00:16:08] [WakeListener] Double clap detected (gap=0.256s). Attempting launch...
[2026-04-17 00:16:09] [WakeListener] Launch skipped: Startup lock active (36.7s remaining).
[2026-04-17 00:16:10] [WakeListener] Double clap detected (gap=0.194s). Attempting launch...
[2026-04-17 00:16:11] [WakeListener] Launch skipped: Startup lock active (34.4s remaining).
[2026-04-17 00:16:12] [WakeListener] Double clap detected (gap=0.883s). Attempting launch...
[2026-04-17 00:16:13] [WakeListener] Launch skipped: Startup lock active (32.7s remaining).
[2026-04-17 00:16:17] [WakeListener] Double clap detected (gap=0.128s). Attempting launch...
[2026-04-17 00:16:17] [WakeListener] Launch skipped: Startup lock active (28.0s remaining).
[2026-04-17 00:16:17] [WakeListener] Double clap detected (gap=0.320s). Attempting launch...
[2026-04-17 00:16:17] [WakeListener] Launch skipped: Startup lock active (27.4s remaining).
[2026-04-17 00:16:18] [WakeListener] Double clap detected (gap=0.192s). Attempting launch...
[2026-04-17 00:16:18] [WakeListener] Launch skipped: Startup lock active (27.0s remaining).
[2026-04-17 00:16:18] [WakeListener] Double clap detected (gap=0.128s). Attempting launch...
[2026-04-17 00:16:18] [WakeListener] Launch skipped: Startup lock active (26.7s remaining).
[2026-04-17 00:16:18] [WakeListener] Double clap detected (gap=0.128s). Attempting launch...
[2026-04-17 00:16:18] [WakeListener] Launch skipped: Startup lock active (26.5s remaining).
[2026-04-17 00:16:19] [WakeListener] Double clap detected (gap=0.506s). Attempting launch...
[2026-04-17 00:16:19] [WakeListener] Launch skipped: Startup lock active (25.8s remaining).
[2026-04-17 00:16:19] [WakeListener] Double clap detected (gap=0.256s). Attempting launch...
[2026-04-17 00:16:19] [WakeListener] Launch skipped: Startup lock active (25.4s remaining).
[2026-04-17 00:16:20] [WakeListener] Double clap detected (gap=0.128s). Attempting launch...
[2026-04-17 00:16:20] [WakeListener] Launch skipped: Startup lock active (24.9s remaining).
[2026-04-17 00:16:20] [WakeListener] Double clap detected (gap=0.384s). Attempting launch...
[2026-04-17 00:16:20] [WakeListener] Launch skipped: Startup lock active (24.4s remaining).
[2026-04-17 00:16:21] [WakeListener] Double clap detected (gap=0.128s). Attempting launch...
[2026-04-17 00:16:21] [WakeListener] Launch skipped: Startup lock active (23.5s remaining).
[2026-04-17 00:16:21] [WakeListener] Double clap detected (gap=0.128s). Attempting launch...
[2026-04-17 00:16:21] [WakeListener] Launch skipped: Startup lock active (23.1s remaining).
[2026-04-17 00:16:24] [WakeListener] Double clap detected (gap=0.128s). Attempting launch...
[2026-04-17 00:16:24] [WakeListener] Launch skipped: Startup lock active (20.3s remaining).
[2026-04-17 00:16:25] [WakeListener] Double clap detected (gap=0.256s). Attempting launch...
[2026-04-17 00:16:25] [WakeListener] Launch skipped: Startup lock active (19.9s remaining).
[2026-04-17 00:16:25] [WakeListener] Double clap detected (gap=0.128s). Attempting launch...
[2026-04-17 00:16:25] [WakeListener] Launch skipped: Startup lock active (19.6s remaining).
[2026-04-17 00:16:25] [WakeListener] Double clap detected (gap=0.128s). Attempting launch...
[2026-04-17 00:16:25] [WakeListener] Launch skipped: Startup lock active (19.4s remaining).
[2026-04-17 00:16:26] [WakeListener] Double clap detected (gap=0.128s). Attempting launch...
[2026-04-17 00:16:26] [WakeListener] Launch skipped: Startup lock active (19.1s remaining).
[2026-04-17 00:16:26] [WakeListener] Double clap detected (gap=0.256s). Attempting launch...
[2026-04-17 00:16:26] [WakeListener] Launch skipped: Startup lock active (18.6s remaining).
[2026-04-17 00:16:26] [WakeListener] Double clap detected (gap=0.128s). Attempting launch...
[2026-04-17 00:16:26] [WakeListener] Launch skipped: Startup lock active (18.3s remaining).
[2026-04-17 00:16:27] [WakeListener] Double clap detected (gap=0.192s). Attempting launch...
[2026-04-17 00:16:27] [WakeListener] Launch skipped: Startup lock active (17.7s remaining).
[2026-04-17 00:16:38] [WakeListener] Double clap detected (gap=0.128s). Attempting launch...
[2026-04-17 00:16:38] [WakeListener] Launch skipped: Startup lock active (6.2s remaining).
[2026-04-17 00:16:39] [WakeListener] Double clap detected (gap=0.192s). Attempting launch...
[2026-04-17 00:16:39] [WakeListener] Launch skipped: Startup lock active (5.9s remaining).
[2026-04-17 00:17:13] [WakeListener] Double clap detected (gap=0.192s). Attempting launch...
[2026-04-17 00:17:13] [WakeListener] Launch skipped: Jarvis already appears to be running (ports active).
[2026-04-17 00:17:19] [WakeListener] Double clap detected (gap=0.192s). Attempting launch...
[2026-04-17 00:17:19] [WakeListener] Launch skipped: Jarvis already appears to be running (ports active).
[2026-04-17 00:17:19] [WakeListener] Double clap detected (gap=0.128s). Attempting launch...
[2026-04-17 00:17:19] [WakeListener] Launch skipped: Jarvis already appears to be running (ports active).
[2026-04-17 00:17:19] [WakeListener] Double clap detected (gap=0.320s). Attempting launch...
[2026-04-17 00:17:19] [WakeListener] Launch skipped: Jarvis already appears to be running (ports active).
[2026-04-17 00:17:32] [WakeListener] Double clap detected (gap=0.128s). Attempting launch...
[2026-04-17 00:17:32] [WakeListener] Launch skipped: Jarvis already appears to be running (ports active).
[2026-04-17 00:17:32] [WakeListener] Double clap detected (gap=0.128s). Attempting launch...
[2026-04-17 00:17:32] [WakeListener] Launch skipped: Jarvis already appears to be running (ports active).
[2026-04-17 00:17:33] [WakeListener] Double clap detected (gap=0.192s). Attempting launch...
[2026-04-17 00:17:33] [WakeListener] Launch skipped: Jarvis already appears to be running (ports active).
[2026-04-17 00:17:33] [WakeListener] Double clap detected (gap=0.256s). Attempting launch...
[2026-04-17 00:17:33] [WakeListener] Launch skipped: Jarvis already appears to be running (ports active).
[2026-04-17 00:17:34] [WakeListener] Double clap detected (gap=0.256s). Attempting launch...
[2026-04-17 00:17:34] [WakeListener] Launch skipped: Jarvis already appears to be running (ports active).
[2026-04-17 00:17:39] [WakeListener] Double clap detected (gap=0.192s). Attempting launch...
[2026-04-17 00:17:39] [WakeListener] Launch skipped: Jarvis already appears to be running (ports active).
[2026-04-17 00:17:39] [WakeListener] Double clap detected (gap=0.128s). Attempting launch...
[2026-04-17 00:17:39] [WakeListener] Launch skipped: Jarvis already appears to be running (ports active).
[2026-04-17 00:17:39] [WakeListener] Double clap detected (gap=0.128s). Attempting launch...
[2026-04-17 00:17:39] [WakeListener] Launch skipped: Jarvis already appears to be running (ports active).
[2026-04-17 00:17:39] [WakeListener] Double clap detected (gap=0.128s). Attempting launch...
[2026-04-17 00:17:39] [WakeListener] Launch skipped: Jarvis already appears to be running (ports active).
[2026-04-17 00:18:03] [WakeListener] Double clap detected (gap=0.192s). Attempting launch...
[2026-04-17 00:18:03] [WakeListener] Launch skipped: Jarvis already appears to be running (ports active).
[2026-04-17 00:19:14] [WakeListener] Double clap detected (gap=0.512s). Attempting launch...
[2026-04-17 00:19:14] [WakeListener] Launch skipped: Jarvis already appears to be running (ports active).
[2026-04-17 00:19:34] [WakeListener] Double clap detected (gap=1.088s). Attempting launch...
[2026-04-17 00:19:34] [WakeListener] Launch skipped: Jarvis already appears to be running (ports active).
[2026-04-17 00:19:34] [WakeListener] Double clap detected (gap=0.128s). Attempting launch...
[2026-04-17 00:19:34] [WakeListener] Launch skipped: Jarvis already appears to be running (ports active).
[2026-04-17 00:19:49] [WakeListener] Double clap detected (gap=0.128s). Attempting launch...
[2026-04-17 00:19:49] [WakeListener] Launch skipped: Jarvis already appears to be running (ports active).
[2026-04-17 00:19:50] [WakeListener] Double clap detected (gap=0.128s). Attempting launch...
[2026-04-17 00:19:50] [WakeListener] Launch skipped: Jarvis already appears to be running (ports active).
[2026-04-17 00:20:00] [WakeListener] Double clap detected (gap=0.128s). Attempting launch...
[2026-04-17 00:20:00] [WakeListener] Launch skipped: Jarvis already appears to be running (ports active).
[2026-04-17 00:20:20] [WakeListener] Double clap detected (gap=0.192s). Attempting launch...
[2026-04-17 00:20:20] [WakeListener] Launch skipped: Jarvis already appears to be running (ports active).
[2026-04-17 00:20:34] [WakeListener] Double clap detected (gap=0.128s). Attempting launch...
[2026-04-17 00:20:34] [WakeListener] Launch skipped: Jarvis already appears to be running (ports active).
[2026-04-17 00:20:35] [WakeListener] Double clap detected (gap=0.256s). Attempting launch...
[2026-04-17 00:20:36] [WakeListener] Launch skipped: Jarvis already appears to be running (ports active).
[2026-04-17 00:20:53] [WakeListener] Double clap detected (gap=0.179s). Attempting launch...
[2026-04-17 00:20:53] [WakeListener] Launch skipped: Jarvis already appears to be running (ports active).
[2026-04-17 00:26:13] [WakeListener] Double clap detected (gap=0.256s). Attempting launch...
[2026-04-17 00:26:13] [WakeListener] Launch skipped: Jarvis already appears to be running (ports active).
[2026-04-17 00:26:14] [WakeListener] Double clap detected (gap=0.448s). Attempting launch...
[2026-04-17 00:26:14] [WakeListener] Launch skipped: Jarvis already appears to be running (ports active).
[2026-04-17 00:26:14] [WakeListener] Double clap detected (gap=0.128s). Attempting launch...
[2026-04-17 00:26:14] [WakeListener] Launch skipped: Jarvis already appears to be running (ports active).
[2026-04-17 00:26:15] [WakeListener] Double clap detected (gap=0.320s). Attempting launch...
[2026-04-17 00:26:15] [WakeListener] Launch skipped: Jarvis already appears to be running (ports active).
[2026-04-17 00:26:39] [WakeListener] Double clap detected (gap=0.128s). Attempting launch...
[2026-04-17 00:26:39] [WakeListener] Launch skipped: Jarvis already appears to be running (ports active).
[2026-04-17 00:26:40] [WakeListener] Double clap detected (gap=0.128s). Attempting launch...
[2026-04-17 00:26:40] [WakeListener] Launch skipped: Jarvis already appears to be running (ports active).
[2026-04-17 00:26:40] [WakeListener] Double clap detected (gap=0.256s). Attempting launch...
[2026-04-17 00:26:40] [WakeListener] Launch skipped: Jarvis already appears to be running (ports active).
[2026-04-17 00:26:40] [WakeListener] Double clap detected (gap=0.128s). Attempting launch...
[2026-04-17 00:26:40] [WakeListener] Launch skipped: Jarvis already appears to be running (ports active).
[2026-04-17 00:26:41] [WakeListener] Double clap detected (gap=0.128s). Attempting launch...
[2026-04-17 00:26:41] [WakeListener] Launch skipped: Jarvis already appears to be running (ports active).
[2026-04-17 00:26:41] [WakeListener] Double clap detected (gap=0.128s). Attempting launch...
[2026-04-17 00:26:41] [WakeListener] Launch skipped: Jarvis already appears to be running (ports active).
[2026-04-17 00:26:41] [WakeListener] Double clap detected (gap=0.192s). Attempting launch...
[2026-04-17 00:26:41] [WakeListener] Launch skipped: Jarvis already appears to be running (ports active).
[2026-04-17 00:26:42] [WakeListener] Double clap detected (gap=0.320s). Attempting launch...
[2026-04-17 00:26:42] [WakeListener] Launch skipped: Jarvis already appears to be running (ports active).
[2026-04-17 00:26:43] [WakeListener] Double clap detected (gap=0.320s). Attempting launch...
[2026-04-17 00:26:43] [WakeListener] Launch skipped: Jarvis already appears to be running (ports active).
[2026-04-17 00:26:45] [WakeListener] Double clap detected (gap=0.641s). Attempting launch...
[2026-04-17 00:26:45] [WakeListener] Launch skipped: Jarvis already appears to be running (ports active).
[2026-04-17 00:27:00] [WakeListener] Double clap detected (gap=0.128s). Attempting launch...
[2026-04-17 00:27:00] [WakeListener] Launch skipped: Jarvis already appears to be running (ports active).
[2026-04-17 00:27:00] [WakeListener] Double clap detected (gap=0.128s). Attempting launch...
[2026-04-17 00:27:00] [WakeListener] Launch skipped: Jarvis already appears to be running (ports active).
[2026-04-17 00:27:01] [WakeListener] Double clap detected (gap=0.256s). Attempting launch...
[2026-04-17 00:27:01] [WakeListener] Launch skipped: Jarvis already appears to be running (ports active).
[2026-04-17 00:27:01] [WakeListener] Double clap detected (gap=0.320s). Attempting launch...
[2026-04-17 00:27:01] [WakeListener] Launch skipped: Jarvis already appears to be running (ports active).
[2026-04-17 00:27:07] [WakeListener] Double clap detected (gap=0.447s). Attempting launch...
[2026-04-17 00:27:07] [WakeListener] Launch skipped: Jarvis already appears to be running (ports active).
[2026-04-17 00:28:12] [WakeListener] Double clap detected (gap=0.128s). Attempting launch...
[2026-04-17 00:28:12] [WakeListener] Launch skipped: Jarvis already appears to be running (ports active).
[2026-04-17 00:28:13] [WakeListener] Double clap detected (gap=0.128s). Attempting launch...
[2026-04-17 00:28:13] [WakeListener] Launch skipped: Jarvis already appears to be running (ports active).
[2026-04-17 00:28:27] [WakeListener] Double clap detected (gap=1.018s). Attempting launch...
[2026-04-17 00:28:27] [WakeListener] Launch skipped: Jarvis already appears to be running (ports active).
[2026-04-17 00:28:53] [WakeListener] Double clap detected (gap=0.128s). Attempting launch...
[2026-04-17 00:28:53] [WakeListener] Launch skipped: Jarvis already appears to be running (ports active).
[2026-04-17 00:28:53] [WakeListener] Double clap detected (gap=0.191s). Attempting launch...
[2026-04-17 00:28:53] [WakeListener] Launch skipped: Jarvis already appears to be running (ports active).
[2026-04-17 00:28:54] [WakeListener] Double clap detected (gap=0.192s). Attempting launch...
[2026-04-17 00:28:54] [WakeListener] Launch skipped: Jarvis already appears to be running (ports active).
[2026-04-17 00:28:54] [WakeListener] Double clap detected (gap=0.256s). Attempting launch...
[2026-04-17 00:28:54] [WakeListener] Launch skipped: Jarvis already appears to be running (ports active).
[2026-04-17 00:28:54] [WakeListener] Double clap detected (gap=0.140s). Attempting launch...
[2026-04-17 00:28:54] [WakeListener] Launch skipped: Jarvis already appears to be running (ports active).
[2026-04-17 00:28:55] [WakeListener] Double clap detected (gap=0.128s). Attempting launch...
[2026-04-17 00:28:55] [WakeListener] Launch skipped: Jarvis already appears to be running (ports active).
[2026-04-17 00:28:55] [WakeListener] Double clap detected (gap=0.128s). Attempting launch...
[2026-04-17 00:28:55] [WakeListener] Launch skipped: Jarvis already appears to be running (ports active).
[2026-04-17 00:28:56] [WakeListener] Double clap detected (gap=0.256s). Attempting launch...
[2026-04-17 00:28:56] [WakeListener] Launch skipped: Jarvis already appears to be running (ports active).
[2026-04-17 00:28:56] [WakeListener] Double clap detected (gap=0.128s). Attempting launch...
[2026-04-17 00:28:56] [WakeListener] Launch skipped: Jarvis already appears to be running (ports active).
[2026-04-17 00:28:56] [WakeListener] Double clap detected (gap=0.128s). Attempting launch...
[2026-04-17 00:28:56] [WakeListener] Launch skipped: Jarvis already appears to be running (ports active).
[2026-04-17 11:22:39] [WakeListener] Stopped.
[2026-04-17 12:33:41] [WakeListener] Running.
[2026-04-17 12:33:41] [WakeListener] Project root: C:\Users\Adrián\Desktop\Jarvis\jarvis_v2
[2026-04-17 12:33:41] [WakeListener] Mode: dev
[2026-04-17 12:33:41] [WakeListener] Double-clap window: 0.08s - 1.20s
[2026-04-17 12:33:41] [WakeListener] Base RMS threshold: 1500.0
[2026-04-17 12:33:41] [WakeListener] Launch visible console: True
[2026-04-17 12:33:41] [WakeListener] Startup lock window: 45.0s | min hold: 8.0s | cooldown: 20.0s
[2026-04-17 12:33:41] [WakeListener] Keep console open after exit: False
[2026-04-17 12:33:41] [WakeListener] Press Ctrl+C to stop.
[2026-04-17 12:33:41] [WakeListener] npm found in PATH.
[2026-04-17 12:33:43] [WakeListener] Double clap detected (gap=0.128s). Attempting launch...
[2026-04-17 12:33:44] [WakeListener] Launched Jarvis with command: npm run dev
[2026-04-17 12:33:46] [WakeListener] Double clap detected (gap=0.128s). Attempting launch...
[2026-04-17 12:33:46] [WakeListener] Launch skipped: Startup lock active (42.6s remaining).
[2026-04-17 12:33:46] [WakeListener] Double clap detected (gap=0.192s). Attempting launch...
[2026-04-17 12:33:46] [WakeListener] Launch skipped: Startup lock active (42.1s remaining).
[2026-04-17 12:33:50] [WakeListener] Double clap detected (gap=0.192s). Attempting launch...
[2026-04-17 12:33:50] [WakeListener] Launch skipped: Startup lock active (37.9s remaining).
[2026-04-17 12:33:51] [WakeListener] Double clap detected (gap=0.128s). Attempting launch...
[2026-04-17 12:33:51] [WakeListener] Launch skipped: Startup lock active (37.6s remaining).
[2026-04-17 12:33:51] [WakeListener] Double clap detected (gap=0.130s). Attempting launch...
[2026-04-17 12:33:51] [WakeListener] Launch skipped: Startup lock active (37.4s remaining).
[2026-04-17 12:33:51] [WakeListener] Double clap detected (gap=0.128s). Attempting launch...
[2026-04-17 12:33:51] [WakeListener] Launch skipped: Startup lock active (37.1s remaining).
[2026-04-17 12:33:53] [WakeListener] Double clap detected (gap=0.127s). Attempting launch...
[2026-04-17 12:33:55] [WakeListener] Launch skipped: Launch cooldown active (9.7s remaining).
[2026-04-17 12:34:01] [WakeListener] Double clap detected (gap=0.128s). Attempting launch...
[2026-04-17 12:34:02] [WakeListener] Launch skipped: Launch cooldown active (2.6s remaining).
[2026-04-17 12:34:07] [WakeListener] Double clap detected (gap=0.256s). Attempting launch...
[2026-04-17 12:34:08] [WakeListener] Launched Jarvis with command: npm run dev
[2026-04-17 12:34:12] [WakeListener] Double clap detected (gap=0.128s). Attempting launch...
[2026-04-17 12:34:12] [WakeListener] Launch skipped: Startup lock active (40.5s remaining).
[2026-04-17 12:34:13] [WakeListener] Double clap detected (gap=1.024s). Attempting launch...
[2026-04-17 12:34:13] [WakeListener] Launch skipped: Startup lock active (39.3s remaining).
[2026-04-17 12:34:13] [WakeListener] Double clap detected (gap=0.128s). Attempting launch...
[2026-04-17 12:34:13] [WakeListener] Launch skipped: Startup lock active (39.1s remaining).
[2026-04-17 12:34:14] [WakeListener] Double clap detected (gap=0.192s). Attempting launch...
[2026-04-17 12:34:14] [WakeListener] Launch skipped: Startup lock active (38.7s remaining).
[2026-04-17 12:34:18] [WakeListener] Double clap detected (gap=1.088s). Attempting launch...
[2026-04-17 12:34:18] [WakeListener] Launch skipped: Startup lock active (34.8s remaining).
[2026-04-17 12:34:18] [WakeListener] Double clap detected (gap=0.119s). Attempting launch...
[2026-04-17 12:34:19] [WakeListener] Launch skipped: Startup lock active (33.9s remaining).
[2026-04-17 12:34:19] [WakeListener] Double clap detected (gap=0.111s). Attempting launch...
[2026-04-17 12:34:20] [WakeListener] Launch skipped: Startup lock active (33.1s remaining).
[2026-04-17 12:34:20] [WakeListener] Double clap detected (gap=0.179s). Attempting launch...
[2026-04-17 12:34:21] [WakeListener] Launch skipped: Startup lock active (32.1s remaining).
[2026-04-17 12:34:25] [WakeListener] Double clap detected (gap=0.128s). Attempting launch...
[2026-04-17 12:34:26] [WakeListener] Launch skipped: Startup lock active (27.3s remaining).
[2026-04-17 12:34:26] [WakeListener] Double clap detected (gap=0.115s). Attempting launch...
[2026-04-17 12:34:27] [WakeListener] Launch skipped: Startup lock active (26.4s remaining).
[2026-04-17 12:34:27] [WakeListener] Double clap detected (gap=0.115s). Attempting launch...
[2026-04-17 12:34:28] [WakeListener] Launch skipped: Startup lock active (25.6s remaining).
[2026-04-17 12:34:28] [WakeListener] Double clap detected (gap=0.115s). Attempting launch...
[2026-04-17 12:34:29] [WakeListener] Launch skipped: Startup lock active (24.7s remaining).
[2026-04-17 12:34:29] [WakeListener] Double clap detected (gap=0.115s). Attempting launch...
[2026-04-17 12:34:29] [WakeListener] Launch skipped: Startup lock active (23.8s remaining).
[2026-04-17 12:34:30] [WakeListener] Double clap detected (gap=0.179s). Attempting launch...
[2026-04-17 12:34:30] [WakeListener] Launch skipped: Startup lock active (22.8s remaining).
[2026-04-17 12:34:31] [WakeListener] Double clap detected (gap=0.254s). Attempting launch...
[2026-04-17 12:34:32] [WakeListener] Launch skipped: Startup lock active (21.6s remaining).
[2026-04-17 12:34:32] [WakeListener] Double clap detected (gap=0.691s). Attempting launch...
[2026-04-17 12:34:33] [WakeListener] Launch skipped: Startup lock active (20.1s remaining).
[2026-04-17 12:34:33] [WakeListener] Double clap detected (gap=0.179s). Attempting launch...
[2026-04-17 12:34:34] [WakeListener] Launch skipped: Startup lock active (19.2s remaining).
[2026-04-17 12:34:36] [WakeListener] Double clap detected (gap=0.128s). Attempting launch...
[2026-04-17 12:34:37] [WakeListener] Launch skipped: Startup lock active (16.1s remaining).
[2026-04-17 12:34:38] [WakeListener] Double clap detected (gap=0.755s). Attempting launch...
[2026-04-17 12:34:39] [WakeListener] Launch skipped: Startup lock active (14.6s remaining).
[2026-04-17 12:34:39] [WakeListener] Double clap detected (gap=0.244s). Attempting launch...
[2026-04-17 12:34:40] [WakeListener] Launch skipped: Startup lock active (13.5s remaining).
[2026-04-17 12:34:40] [WakeListener] Double clap detected (gap=0.117s). Attempting launch...
[2026-04-17 12:34:41] [WakeListener] Launch skipped: Startup lock active (12.7s remaining).
[2026-04-17 12:34:41] [WakeListener] Double clap detected (gap=0.175s). Attempting launch...
[2026-04-17 12:34:41] [WakeListener] Launch skipped: Startup lock active (11.7s remaining).
[2026-04-17 12:34:44] [WakeListener] Double clap detected (gap=0.128s). Attempting launch...
[2026-04-17 12:34:45] [WakeListener] Launch skipped: Startup lock active (8.5s remaining).
[2026-04-17 12:34:53] [WakeListener] Double clap detected (gap=0.192s). Attempting launch...
[2026-04-17 12:34:53] [WakeListener] Launch skipped: Jarvis already appears to be running (ports active).
[2026-04-17 12:34:53] [WakeListener] Double clap detected (gap=0.114s). Attempting launch...
[2026-04-17 12:34:54] [WakeListener] Launch skipped: Jarvis already appears to be running (ports active).
[2026-04-17 12:34:54] [WakeListener] Double clap detected (gap=0.179s). Attempting launch...
[2026-04-17 12:34:55] [WakeListener] Launch skipped: Jarvis already appears to be running (ports active).
[2026-04-17 12:34:58] [WakeListener] Double clap detected (gap=0.320s). Attempting launch...
[2026-04-17 12:34:58] [WakeListener] Launch skipped: Jarvis already appears to be running (ports active).
[2026-04-17 12:34:58] [WakeListener] Double clap detected (gap=0.115s). Attempting launch...
[2026-04-17 12:34:59] [WakeListener] Launch skipped: Jarvis already appears to be running (ports active).
[2026-04-17 12:35:04] [WakeListener] Double clap detected (gap=0.128s). Attempting launch...
[2026-04-17 12:35:05] [WakeListener] Launch skipped: Jarvis already appears to be running (ports active).
[2026-04-17 12:35:05] [WakeListener] Double clap detected (gap=0.191s). Attempting launch...
[2026-04-17 12:35:06] [WakeListener] Launch skipped: Jarvis already appears to be running (ports active).
[2026-04-17 12:35:06] [WakeListener] Double clap detected (gap=0.115s). Attempting launch...
[2026-04-17 12:35:07] [WakeListener] Launch skipped: Jarvis already appears to be running (ports active).
[2026-04-17 12:35:07] [WakeListener] Double clap detected (gap=0.115s). Attempting launch...
[2026-04-17 12:35:08] [WakeListener] Launch skipped: Jarvis already appears to be running (ports active).
[2026-04-17 12:35:09] [WakeListener] Double clap detected (gap=0.320s). Attempting launch...
[2026-04-17 12:35:10] [WakeListener] Launch skipped: Jarvis already appears to be running (ports active).
[2026-04-17 12:35:10] [WakeListener] Double clap detected (gap=0.115s). Attempting launch...
[2026-04-17 12:35:11] [WakeListener] Launch skipped: Jarvis already appears to be running (ports active).
[2026-04-17 12:35:11] [WakeListener] Double clap detected (gap=0.115s). Attempting launch...
[2026-04-17 12:35:12] [WakeListener] Launch skipped: Jarvis already appears to be running (ports active).
[2026-04-17 12:35:12] [WakeListener] Double clap detected (gap=0.384s). Attempting launch...
[2026-04-17 12:35:13] [WakeListener] Launch skipped: Jarvis already appears to be running (ports active).
[2026-04-17 12:35:15] [WakeListener] Double clap detected (gap=0.128s). Attempting launch...
[2026-04-17 12:35:16] [WakeListener] Launch skipped: Jarvis already appears to be running (ports active).
[2026-04-17 12:35:16] [WakeListener] Double clap detected (gap=0.129s). Attempting launch...
[2026-04-17 12:35:16] [WakeListener] Launch skipped: Jarvis already appears to be running (ports active).
[2026-04-17 12:35:17] [WakeListener] Double clap detected (gap=0.115s). Attempting launch...
[2026-04-17 12:35:17] [WakeListener] Launch skipped: Jarvis already appears to be running (ports active).
[2026-04-17 12:35:19] [WakeListener] Double clap detected (gap=0.128s). Attempting launch...
[2026-04-17 12:35:20] [WakeListener] Launch skipped: Jarvis already appears to be running (ports active).
[2026-04-17 12:35:20] [WakeListener] Double clap detected (gap=0.115s). Attempting launch...
[2026-04-17 12:35:21] [WakeListener] Launch skipped: Jarvis already appears to be running (ports active).
[2026-04-17 12:35:21] [WakeListener] Double clap detected (gap=0.126s). Attempting launch...
[2026-04-17 12:35:22] [WakeListener] Launch skipped: Jarvis already appears to be running (ports active).
[2026-04-17 12:35:22] [WakeListener] Double clap detected (gap=0.115s). Attempting launch...
[2026-04-17 12:35:23] [WakeListener] Launch skipped: Jarvis already appears to be running (ports active).
[2026-04-17 12:35:23] [WakeListener] Double clap detected (gap=0.115s). Attempting launch...
[2026-04-17 12:35:24] [WakeListener] Launch skipped: Jarvis already appears to be running (ports active).
[2026-04-17 12:35:24] [WakeListener] Double clap detected (gap=0.115s). Attempting launch...
[2026-04-17 12:35:25] [WakeListener] Launch skipped: Jarvis already appears to be running (ports active).
[2026-04-17 12:35:25] [WakeListener] Double clap detected (gap=0.434s). Attempting launch...
[2026-04-17 12:35:26] [WakeListener] Launch skipped: Jarvis already appears to be running (ports active).
[2026-04-17 12:35:26] [WakeListener] Double clap detected (gap=0.367s). Attempting launch...
[2026-04-17 12:35:27] [WakeListener] Launched Jarvis with command: npm run dev
[2026-04-17 12:35:28] [WakeListener] Double clap detected (gap=0.179s). Attempting launch...
[2026-04-17 12:35:28] [WakeListener] Launch skipped: Startup lock active (43.8s remaining).
[2026-04-17 12:35:28] [WakeListener] Double clap detected (gap=0.128s). Attempting launch...
[2026-04-17 12:35:28] [WakeListener] Launch skipped: Startup lock active (43.5s remaining).
[2026-04-17 12:35:29] [WakeListener] Double clap detected (gap=0.256s). Attempting launch...
[2026-04-17 12:35:29] [WakeListener] Launch skipped: Startup lock active (42.8s remaining).
[2026-04-17 12:35:29] [WakeListener] Double clap detected (gap=0.128s). Attempting launch...
[2026-04-17 12:35:29] [WakeListener] Launch skipped: Startup lock active (42.4s remaining).
[2026-04-17 12:35:29] [WakeListener] Double clap detected (gap=0.128s). Attempting launch...
[2026-04-17 12:35:29] [WakeListener] Launch skipped: Startup lock active (42.0s remaining).
[2026-04-17 12:35:30] [WakeListener] Double clap detected (gap=0.128s). Attempting launch...
[2026-04-17 12:35:30] [WakeListener] Launch skipped: Startup lock active (41.1s remaining).
[2026-04-17 12:35:31] [WakeListener] Double clap detected (gap=0.128s). Attempting launch...
[2026-04-17 12:35:31] [WakeListener] Launch skipped: Startup lock active (40.6s remaining).
[2026-04-17 12:35:31] [WakeListener] Double clap detected (gap=0.128s). Attempting launch...
[2026-04-17 12:35:31] [WakeListener] Launch skipped: Startup lock active (40.4s remaining).
[2026-04-17 12:35:31] [WakeListener] Double clap detected (gap=0.130s). Attempting launch...
[2026-04-17 12:35:31] [WakeListener] Launch skipped: Startup lock active (40.1s remaining).
[2026-04-17 12:35:32] [WakeListener] Double clap detected (gap=0.128s). Attempting launch...
[2026-04-17 12:35:32] [WakeListener] Launch skipped: Startup lock active (39.7s remaining).
[2026-04-17 12:35:32] [WakeListener] Double clap detected (gap=0.320s). Attempting launch...
[2026-04-17 12:35:32] [WakeListener] Launch skipped: Startup lock active (39.2s remaining).
[2026-04-17 12:35:38] [WakeListener] Double clap detected (gap=0.512s). Attempting launch...
[2026-04-17 12:35:39] [WakeListener] Launch skipped: Startup lock active (33.4s remaining).
[2026-04-17 12:35:39] [WakeListener] Double clap detected (gap=0.115s). Attempting launch...
[2026-04-17 12:35:40] [WakeListener] Launch skipped: Startup lock active (32.5s remaining).
[2026-04-17 12:35:40] [WakeListener] Double clap detected (gap=0.115s). Attempting launch...
[2026-04-17 12:35:40] [WakeListener] Launch skipped: Startup lock active (31.6s remaining).
[2026-04-17 12:35:48] [WakeListener] Double clap detected (gap=0.256s). Attempting launch...
[2026-04-17 12:35:48] [WakeListener] Launch skipped: Startup lock active (23.8s remaining).
[2026-04-17 12:35:48] [WakeListener] Double clap detected (gap=0.111s). Attempting launch...
[2026-04-17 12:35:50] [WakeListener] Startup lock released early (app was closed). Launched Jarvis with command: npm run dev
[2026-04-17 12:35:51] [WakeListener] Double clap detected (gap=0.640s). Attempting launch...
[2026-04-17 12:35:51] [WakeListener] Launch skipped: Startup lock active (42.0s remaining).
[2026-04-17 12:35:52] [WakeListener] Double clap detected (gap=0.320s). Attempting launch...
[2026-04-17 12:35:52] [WakeListener] Launch skipped: Startup lock active (41.1s remaining).
[2026-04-17 12:35:53] [WakeListener] Double clap detected (gap=0.128s). Attempting launch...
[2026-04-17 12:35:53] [WakeListener] Launch skipped: Startup lock active (40.7s remaining).
[2026-04-17 12:35:53] [WakeListener] Double clap detected (gap=0.320s). Attempting launch...
[2026-04-17 12:35:53] [WakeListener] Launch skipped: Startup lock active (40.0s remaining).
[2026-04-17 12:35:54] [WakeListener] Double clap detected (gap=0.256s). Attempting launch...
[2026-04-17 12:35:54] [WakeListener] Launch skipped: Startup lock active (38.9s remaining).
[2026-04-17 12:35:57] [WakeListener] Double clap detected (gap=0.128s). Attempting launch...
[2026-04-17 12:35:59] [WakeListener] Launch skipped: Launch cooldown active (11.6s remaining).
[2026-04-17 12:35:59] [WakeListener] Double clap detected (gap=0.114s). Attempting launch...
[2026-04-17 12:36:00] [WakeListener] Launch skipped: Launch cooldown active (9.4s remaining).
[2026-04-17 12:36:00] [WakeListener] Double clap detected (gap=0.128s). Attempting launch...
[2026-04-17 12:36:01] [WakeListener] Launch skipped: Launch cooldown active (8.0s remaining).
[2026-04-17 12:36:01] [WakeListener] Stopped.
[2026-04-17 13:59:18] [WakeListener] Running.
[2026-04-17 13:59:18] [WakeListener] Project root: C:\Users\Adrián\Desktop\Jarvis\jarvis_v2
[2026-04-17 13:59:18] [WakeListener] Mode: dev
[2026-04-17 13:59:18] [WakeListener] Double-clap window: 0.08s - 1.20s
[2026-04-17 13:59:18] [WakeListener] Base RMS threshold: 1500.0
[2026-04-17 13:59:18] [WakeListener] Launch visible console: True
[2026-04-17 13:59:18] [WakeListener] Startup lock window: 45.0s | min hold: 8.0s | cooldown: 20.0s
[2026-04-17 13:59:18] [WakeListener] Keep console open after exit: False
[2026-04-17 13:59:18] [WakeListener] Press Ctrl+C to stop.
[2026-04-17 13:59:19] [WakeListener] npm found in PATH.
[2026-04-17 13:59:21] [WakeListener] Stopped.
[2026-04-17 14:01:00] [WakeListener] Running.
[2026-04-17 14:01:00] [WakeListener] Project root: C:\Users\Adrián\Desktop\Jarvis\jarvis_v2
[2026-04-17 14:01:00] [WakeListener] Mode: dev
[2026-04-17 14:01:00] [WakeListener] Double-clap window: 0.08s - 1.20s
[2026-04-17 14:01:00] [WakeListener] Base RMS threshold: 1500.0
[2026-04-17 14:01:00] [WakeListener] Launch visible console: True
[2026-04-17 14:01:00] [WakeListener] Startup lock window: 45.0s | min hold: 8.0s | cooldown: 20.0s
[2026-04-17 14:01:00] [WakeListener] Keep console open after exit: False
[2026-04-17 14:01:00] [WakeListener] Press Ctrl+C to stop.
[2026-04-17 14:01:00] [WakeListener] npm found in PATH.
[2026-04-17 14:01:05] [WakeListener] Stopped.
[2026-04-17 14:01:19] [WakeListener] Running.
[2026-04-17 14:01:19] [WakeListener] Project root: C:\Users\Adrián\Desktop\Jarvis\jarvis_v2
[2026-04-17 14:01:19] [WakeListener] Mode: dev
[2026-04-17 14:01:19] [WakeListener] Double-clap window: 0.08s - 1.20s
[2026-04-17 14:01:19] [WakeListener] Base RMS threshold: 1500.0
[2026-04-17 14:01:19] [WakeListener] Launch visible console: True
[2026-04-17 14:01:19] [WakeListener] Startup lock window: 45.0s | min hold: 8.0s | cooldown: 20.0s
[2026-04-17 14:01:19] [WakeListener] Keep console open after exit: False
[2026-04-17 14:01:19] [WakeListener] Press Ctrl+C to stop.
[2026-04-17 14:01:19] [WakeListener] npm found in PATH.
[2026-04-17 14:01:44] [WakeListener] Stopped.
[2026-04-17 14:01:55] [WakeListener] Running.
[2026-04-17 14:01:55] [WakeListener] Project root: C:\Users\Adrián\Desktop\Jarvis\jarvis_v2
[2026-04-17 14:01:55] [WakeListener] Mode: dev
[2026-04-17 14:01:55] [WakeListener] Double-clap window: 0.08s - 1.20s
[2026-04-17 14:01:55] [WakeListener] Base RMS threshold: 1500.0
[2026-04-17 14:01:55] [WakeListener] Launch visible console: True
[2026-04-17 14:01:55] [WakeListener] Startup lock window: 45.0s | min hold: 8.0s | cooldown: 20.0s
[2026-04-17 14:01:55] [WakeListener] Keep console open after exit: False
[2026-04-17 14:01:55] [WakeListener] Press Ctrl+C to stop.
[2026-04-17 14:01:55] [WakeListener] npm found in PATH.
[2026-04-17 14:02:06] [WakeListener] Double clap detected (gap=0.448s). Attempting launch...
[2026-04-17 14:02:07] [WakeListener] Launched Jarvis with command: npm run dev
[2026-04-17 14:03:05] [WakeListener] Stopped.
[2026-04-17 17:43:06] [WakeListener] Running.
[2026-04-17 17:43:06] [WakeListener] Project root: C:\Users\Adrián\Desktop\Jarvis\jarvis_v2
[2026-04-17 17:43:06] [WakeListener] Mode: dev
[2026-04-17 17:43:06] [WakeListener] Double-clap window: 0.08s - 1.20s
[2026-04-17 17:43:06] [WakeListener] Base RMS threshold: 1500.0
[2026-04-17 17:43:06] [WakeListener] Launch visible console: True
[2026-04-17 17:43:06] [WakeListener] Startup lock window: 45.0s | min hold: 8.0s | cooldown: 20.0s
[2026-04-17 17:43:06] [WakeListener] Keep console open after exit: False
[2026-04-17 17:43:06] [WakeListener] Press Ctrl+C to stop.
[2026-04-17 17:43:06] [WakeListener] npm found in PATH.
[2026-04-17 17:43:09] [WakeListener] Double clap detected (gap=0.256s). Attempting launch...
[2026-04-17 17:43:10] [WakeListener] Launched Jarvis with command: npm run dev
[2026-04-17 17:43:26] [WakeListener] Stopped.
[2026-04-17 21:21:52] [WakeListener] Running.
[2026-04-17 21:21:52] [WakeListener] Project root: C:\Users\Adrián\Desktop\Jarvis\jarvis_v2
[2026-04-17 21:21:52] [WakeListener] Mode: dev
[2026-04-17 21:21:52] [WakeListener] Double-clap window: 0.08s - 1.20s
[2026-04-17 21:21:52] [WakeListener] Base RMS threshold: 1500.0
[2026-04-17 21:21:52] [WakeListener] Launch visible console: True
[2026-04-17 21:21:52] [WakeListener] Startup lock window: 45.0s | min hold: 8.0s | cooldown: 20.0s
[2026-04-17 21:21:52] [WakeListener] Keep console open after exit: False
[2026-04-17 21:21:52] [WakeListener] Press Ctrl+C to stop.
[2026-04-17 21:21:52] [WakeListener] npm found in PATH.
[2026-04-17 21:21:56] [WakeListener] Double clap detected (gap=0.257s). Attempting launch...
[2026-04-17 21:21:57] [WakeListener] Launched Jarvis with command: npm run dev
[2026-04-17 21:22:06] [WakeListener] Double clap detected (gap=0.770s). Attempting launch...
[2026-04-17 21:22:07] [WakeListener] Launch skipped: Startup lock active (35.2s remaining).
[2026-04-17 21:22:13] [WakeListener] Double clap detected (gap=0.768s). Attempting launch...
[2026-04-17 21:22:14] [WakeListener] Launch skipped: Startup lock active (28.0s remaining).
[2026-04-17 21:22:26] [WakeListener] Stopped.
[2026-04-19 18:56:51] [WakeListener] Running.
[2026-04-19 18:56:51] [WakeListener] Project root: C:\Users\Adrián\Desktop\Jarvis\jarvis_v2
[2026-04-19 18:56:51] [WakeListener] Mode: dev
[2026-04-19 18:56:51] [WakeListener] Double-clap window: 0.08s - 1.20s
[2026-04-19 18:56:51] [WakeListener] Base RMS threshold: 1500.0
[2026-04-19 18:56:51] [WakeListener] Launch visible console: True
[2026-04-19 18:56:51] [WakeListener] Startup lock window: 45.0s | min hold: 8.0s | cooldown: 20.0s
[2026-04-19 18:56:51] [WakeListener] Keep console open after exit: False
[2026-04-19 18:56:51] [WakeListener] Press Ctrl+C to stop.
[2026-04-19 18:56:51] [WakeListener] npm found in PATH.
[2026-04-19 18:57:51] [WakeListener] Stopped.
[2026-04-20 21:18:44] [WakeListener] Running.
[2026-04-20 21:18:44] [WakeListener] Project root: C:\Users\Adrián\Desktop\Jarvis\jarvis_v2
[2026-04-20 21:18:44] [WakeListener] Mode: dev
[2026-04-20 21:18:44] [WakeListener] Double-clap window: 0.08s - 1.20s
[2026-04-20 21:18:44] [WakeListener] Base RMS threshold: 1500.0
[2026-04-20 21:18:44] [WakeListener] Launch visible console: True
[2026-04-20 21:18:44] [WakeListener] Startup lock window: 45.0s | min hold: 8.0s | cooldown: 20.0s
[2026-04-20 21:18:44] [WakeListener] Keep console open after exit: False
[2026-04-20 21:18:44] [WakeListener] Press Ctrl+C to stop.
[2026-04-20 21:18:44] [WakeListener] npm found in PATH.
[2026-04-20 21:18:50] [WakeListener] Stopped.
[2026-04-22 19:18:13] [WakeListener] Running.
[2026-04-22 19:18:13] [WakeListener] Project root: C:\Users\Adrián\Desktop\Jarvis\jarvis_v2
[2026-04-22 19:18:13] [WakeListener] Mode: dev
[2026-04-22 19:18:13] [WakeListener] Double-clap window: 0.08s - 1.20s
[2026-04-22 19:18:13] [WakeListener] Base RMS threshold: 1500.0
[2026-04-22 19:18:13] [WakeListener] Launch visible console: True
[2026-04-22 19:18:13] [WakeListener] Startup lock window: 45.0s | min hold: 8.0s | cooldown: 20.0s
[2026-04-22 19:18:13] [WakeListener] Keep console open after exit: False
[2026-04-22 19:18:13] [WakeListener] Press Ctrl+C to stop.
[2026-04-22 19:18:13] [WakeListener] npm found in PATH.
[2026-04-22 19:18:17] [WakeListener] Double clap detected (gap=0.130s). Attempting launch...
[2026-04-22 19:18:18] [WakeListener] Launched Jarvis with command: npm run dev
[2026-04-22 19:18:18] [WakeListener] Double clap detected (gap=0.117s). Attempting launch...
[2026-04-22 19:18:18] [WakeListener] Launch skipped: Startup lock active (43.8s remaining).
[2026-04-22 19:18:42] [WakeListener] Stopped.
[2026-04-28 10:37:31] [WakeListener] Running.
[2026-04-28 10:37:31] [WakeListener] Project root: C:\Users\Adrián\Desktop\Jarvis\jarvis_v2
[2026-04-28 10:37:31] [WakeListener] Mode: dev
[2026-04-28 10:37:31] [WakeListener] Double-clap window: 0.08s - 1.20s
[2026-04-28 10:37:31] [WakeListener] Base RMS threshold: 1500.0
[2026-04-28 10:37:31] [WakeListener] Launch visible console: True
[2026-04-28 10:37:31] [WakeListener] Startup lock window: 45.0s | min hold: 8.0s | cooldown: 20.0s
[2026-04-28 10:37:31] [WakeListener] Keep console open after exit: False
[2026-04-28 10:37:31] [WakeListener] Press Ctrl+C to stop.
[2026-04-28 10:37:32] [WakeListener] npm found in PATH.
[2026-04-28 10:37:37] [WakeListener] Stopped.
[2026-04-28 15:26:17] [WakeListener] Running.
[2026-04-28 15:26:17] [WakeListener] Project root: C:\Users\Adrián\Desktop\Jarvis\jarvis_v2
[2026-04-28 15:26:17] [WakeListener] Mode: dev
[2026-04-28 15:26:17] [WakeListener] Double-clap window: 0.08s - 1.20s
[2026-04-28 15:26:17] [WakeListener] Base RMS threshold: 1500.0
[2026-04-28 15:26:17] [WakeListener] Launch visible console: True
[2026-04-28 15:26:17] [WakeListener] Startup lock window: 45.0s | min hold: 8.0s | cooldown: 20.0s
[2026-04-28 15:26:17] [WakeListener] Keep console open after exit: False
[2026-04-28 15:26:17] [WakeListener] Press Ctrl+C to stop.
[2026-04-28 15:26:17] [WakeListener] npm found in PATH.
[2026-04-28 15:26:26] [WakeListener] Stopped.
[2026-04-29 17:16:56] [WakeListener] Running.
[2026-04-29 17:16:56] [WakeListener] Project root: C:\Users\Adrián\Desktop\Jarvis\jarvis_v2
[2026-04-29 17:16:56] [WakeListener] Mode: dev
[2026-04-29 17:16:56] [WakeListener] Double-clap window: 0.08s - 1.20s
[2026-04-29 17:16:56] [WakeListener] Base RMS threshold: 1500.0
[2026-04-29 17:16:56] [WakeListener] Launch visible console: True
[2026-04-29 17:16:56] [WakeListener] Startup lock window: 45.0s | min hold: 8.0s | cooldown: 20.0s
[2026-04-29 17:16:56] [WakeListener] Keep console open after exit: False
[2026-04-29 17:16:56] [WakeListener] Press Ctrl+C to stop.
[2026-04-29 17:16:56] [WakeListener] npm found in PATH.
[2026-04-29 17:16:59] [WakeListener] Stopped.
[2026-04-29 17:31:32] [WakeListener] Running.
[2026-04-29 17:31:32] [WakeListener] Project root: C:\Users\Adrián\Desktop\Jarvis\jarvis_v2
[2026-04-29 17:31:32] [WakeListener] Mode: dev
[2026-04-29 17:31:32] [WakeListener] Double-clap window: 0.08s - 1.20s
[2026-04-29 17:31:32] [WakeListener] Base RMS threshold: 1500.0
[2026-04-29 17:31:32] [WakeListener] Launch visible console: True
[2026-04-29 17:31:32] [WakeListener] Startup lock window: 45.0s | min hold: 8.0s | cooldown: 20.0s
[2026-04-29 17:31:32] [WakeListener] Keep console open after exit: False
[2026-04-29 17:31:32] [WakeListener] Press Ctrl+C to stop.
[2026-04-29 17:31:32] [WakeListener] npm found in PATH.
[2026-04-29 17:32:15] [WakeListener] Stopped.
[2026-04-30 13:45:28] [WakeListener] Running.
[2026-04-30 13:45:28] [WakeListener] Project root: C:\Users\Adrián\Desktop\Jarvis\jarvis_v2
[2026-04-30 13:45:28] [WakeListener] Mode: dev
[2026-04-30 13:45:28] [WakeListener] Double-clap window: 0.08s - 1.20s
[2026-04-30 13:45:28] [WakeListener] Base RMS threshold: 1500.0
[2026-04-30 13:45:28] [WakeListener] Launch visible console: True
[2026-04-30 13:45:28] [WakeListener] Startup lock window: 45.0s | min hold: 8.0s | cooldown: 20.0s
[2026-04-30 13:45:28] [WakeListener] Keep console open after exit: False
[2026-04-30 13:45:28] [WakeListener] Press Ctrl+C to stop.
[2026-04-30 13:45:28] [WakeListener] npm found in PATH.
[2026-04-30 13:45:29] [WakeListener] Stopped.
[2026-05-01 11:57:10] [WakeListener] Running.
[2026-05-01 11:57:10] [WakeListener] Project root: C:\Users\Adrián\Desktop\Jarvis\jarvis_v2
[2026-05-01 11:57:10] [WakeListener] Mode: dev
[2026-05-01 11:57:10] [WakeListener] Double-clap window: 0.08s - 1.20s
[2026-05-01 11:57:10] [WakeListener] Base RMS threshold: 1500.0
[2026-05-01 11:57:10] [WakeListener] Launch visible console: True
[2026-05-01 11:57:10] [WakeListener] Startup lock window: 45.0s | min hold: 8.0s | cooldown: 20.0s
[2026-05-01 11:57:10] [WakeListener] Keep console open after exit: False
[2026-05-01 11:57:10] [WakeListener] Press Ctrl+C to stop.
[2026-05-01 11:57:10] [WakeListener] npm found in PATH.
[2026-05-01 11:57:31] [WakeListener] Stopped.
[2026-05-04 19:12:10] [WakeListener] Running.
[2026-05-04 19:12:10] [WakeListener] Project root: C:\Users\Adrián\Desktop\Jarvis\jarvis_v2
[2026-05-04 19:12:10] [WakeListener] Mode: dev
[2026-05-04 19:12:10] [WakeListener] Double-clap window: 0.08s - 1.20s
[2026-05-04 19:12:10] [WakeListener] Base RMS threshold: 1500.0
[2026-05-04 19:12:10] [WakeListener] Launch visible console: True
[2026-05-04 19:12:10] [WakeListener] Startup lock window: 45.0s | min hold: 8.0s | cooldown: 20.0s
[2026-05-04 19:12:10] [WakeListener] Keep console open after exit: False
[2026-05-04 19:12:10] [WakeListener] Press Ctrl+C to stop.
[2026-05-04 19:12:10] [WakeListener] npm found in PATH.
[2026-05-04 19:12:14] [WakeListener] Stopped.
[2026-05-04 23:22:49] [WakeListener] Running.
[2026-05-04 23:22:49] [WakeListener] Project root: C:\Users\Adrián\Desktop\Jarvis\jarvis_v2
[2026-05-04 23:22:49] [WakeListener] Mode: dev
[2026-05-04 23:22:49] [WakeListener] Double-clap window: 0.08s - 1.20s
[2026-05-04 23:22:49] [WakeListener] Base RMS threshold: 1500.0
[2026-05-04 23:22:49] [WakeListener] Launch visible console: True
[2026-05-04 23:22:49] [WakeListener] Startup lock window: 45.0s | min hold: 8.0s | cooldown: 20.0s
[2026-05-04 23:22:49] [WakeListener] Keep console open after exit: False
[2026-05-04 23:22:49] [WakeListener] Press Ctrl+C to stop.
[2026-05-04 23:22:49] [WakeListener] npm found in PATH.
[2026-05-04 23:23:04] [WakeListener] Stopped.
